<pre class="phiki language-php github-light" data-language="php" style="background-color: #fff;color: #24292e;"><code><span class="line"><span class="token" style="color: #d73a49;">class</span><span class="token"> </span><span class="token" style="color: #6f42c1;">A</span><span class="token"> </span><span class="token">{</span><span class="token">}</span><span class="token">
</span></span></code></pre>
