<pre class="phiki language-php github-dark" data-language="php" style="background-color: #24292e;color: #e1e4e8;"><code><span class="line highlight"><span class="token" style="color: #f97583;">class</span><span class="token"> </span><span class="token" style="color: #b392f0;">A</span><span class="token"> </span><span class="token">{</span><span class="token">}</span><span class="token">
</span></span></code></pre>
