<p><code class="phiki-inline language-php github-dark" data-language="php" style="background-color: #24292e;color: #e1e4e8;"><span class="line"><span class="token" style="color: #79b8ff;">echo</span><span class="token"> </span><span class="token" style="color: #9ecbff;">&quot;</span><span class="token" style="color: #9ecbff;">Hello, world!</span><span class="token" style="color: #9ecbff;">&quot;</span><span class="token">;</span></span>
</code></p>
