<pre class="phiki language-php github-light focus" data-language="php" style="background-color: #fff;color: #24292e;"><code><span class="line"><span class="token" style="color: #005cc5;">echo</span><span class="token"> </span><span class="token" style="color: #032f62;">&quot;</span><span class="token" style="color: #032f62;">This line is not focused!</span><span class="token" style="color: #032f62;">&quot;</span><span class="token">;</span><span class="token"> 
</span></span><span class="line focus"><span class="token" style="color: #005cc5;">echo</span><span class="token"> </span><span class="token" style="color: #032f62;">&quot;</span><span class="token" style="color: #032f62;">This line is focused.</span><span class="token" style="color: #032f62;">&quot;</span><span class="token">;</span><span class="token">
</span></span><span class="line focus"><span class="token" style="color: #005cc5;">echo</span><span class="token"> </span><span class="token" style="color: #032f62;">&quot;</span><span class="token" style="color: #032f62;">This is also focused.</span><span class="token" style="color: #032f62;">&quot;</span><span class="token">;</span><span class="token">
</span></span><span class="line"><span class="token" style="color: #005cc5;">echo</span><span class="token"> </span><span class="token" style="color: #032f62;">&quot;</span><span class="token" style="color: #032f62;">This line is not focused.</span><span class="token" style="color: #032f62;">&quot;</span><span class="token">;</span><span class="token">
</span></span></code></pre>
