<pre class="phiki language-php github-light" data-language="php" style="background-color: #fff;color: #24292e;"><code><span class="line"><span class="token" style="color: #005cc5;">echo</span><span class="token"> </span><span class="token" style="color: #032f62;">&quot;</span><span class="token" style="color: #032f62;">This line is not highlighted!</span><span class="token" style="color: #032f62;">&quot;</span><span class="token">;</span><span class="token">
</span></span><span class="line highlight"><span class="token" style="color: #005cc5;">echo</span><span class="token"> </span><span class="token" style="color: #032f62;">&quot;</span><span class="token" style="color: #032f62;">This line is highlighted.</span><span class="token" style="color: #032f62;">&quot;</span><span class="token">;</span><span class="token">
</span></span><span class="line highlight"><span class="token" style="color: #005cc5;">echo</span><span class="token"> </span><span class="token" style="color: #032f62;">&quot;</span><span class="token" style="color: #032f62;">This is also highlighted.</span><span class="token" style="color: #032f62;">&quot;</span><span class="token">;</span><span class="token">
</span></span><span class="line highlight"><span class="token" style="color: #005cc5;">echo</span><span class="token"> </span><span class="token" style="color: #032f62;">&quot;</span><span class="token" style="color: #032f62;">This line is highlighted.</span><span class="token" style="color: #032f62;">&quot;</span><span class="token">;</span><span class="token"> 
</span></span></code></pre>
