<pre class="phiki language-php github-light" data-language="php" style="background-color: #fff;color: #24292e;; --phiki-diff-insert-bg: #f0fff4; --phiki-diff-insert-fg: #22863a"><code><span class="line"><span class="token" style="color: #005cc5;">echo</span><span class="token"> </span><span class="token" style="color: #032f62;">&quot;</span><span class="token" style="color: #032f62;">This line is not inserted!</span><span class="token" style="color: #032f62;">&quot;</span><span class="token">;</span><span class="token">
</span></span><span class="line insert"><span class="token" style="color: #005cc5;">echo</span><span class="token"> </span><span class="token" style="color: #032f62;">&quot;</span><span class="token" style="color: #032f62;">This line is inserted.</span><span class="token" style="color: #032f62;">&quot;</span><span class="token">;</span><span class="token">
</span></span><span class="line insert"><span class="token" style="color: #005cc5;">echo</span><span class="token"> </span><span class="token" style="color: #032f62;">&quot;</span><span class="token" style="color: #032f62;">This is also inserted.</span><span class="token" style="color: #032f62;">&quot;</span><span class="token">;</span><span class="token">
</span></span><span class="line insert"><span class="token" style="color: #005cc5;">echo</span><span class="token"> </span><span class="token" style="color: #032f62;">&quot;</span><span class="token" style="color: #032f62;">This line is inserted.</span><span class="token" style="color: #032f62;">&quot;</span><span class="token">;</span><span class="token"> 
</span></span></code></pre>
