<pre class="phiki language-php github-light" data-language="php" style="background-color: #fff;color: #24292e;; --phiki-diff-remove-bg: #ffeef0; --phiki-diff-remove-fg: #b31d28"><code><span class="line"><span class="token" style="color: #005cc5;">echo</span><span class="token"> </span><span class="token" style="color: #032f62;">&quot;</span><span class="token" style="color: #032f62;">This line is not removed!</span><span class="token" style="color: #032f62;">&quot;</span><span class="token">;</span><span class="token"> 
</span></span><span class="line remove"><span class="token" style="color: #005cc5;">echo</span><span class="token"> </span><span class="token" style="color: #032f62;">&quot;</span><span class="token" style="color: #032f62;">This line is removed.</span><span class="token" style="color: #032f62;">&quot;</span><span class="token">;</span><span class="token">
</span></span><span class="line remove"><span class="token" style="color: #005cc5;">echo</span><span class="token"> </span><span class="token" style="color: #032f62;">&quot;</span><span class="token" style="color: #032f62;">This is also removed.</span><span class="token" style="color: #032f62;">&quot;</span><span class="token">;</span><span class="token">
</span></span><span class="line"><span class="token" style="color: #005cc5;">echo</span><span class="token"> </span><span class="token" style="color: #032f62;">&quot;</span><span class="token" style="color: #032f62;">This line is not removed.</span><span class="token" style="color: #032f62;">&quot;</span><span class="token">;</span><span class="token">
</span></span></code></pre>
